// Jest Snapshot v1, https://goo.gl/fbAQLP

exports[`Component: Filter should render 1`] = `
.c0 {
  width: 144px;
  padding: 15px 8px;
  margin: 0 8px 15px;
  border: 1px solid #798186;
  font-size: 0.9rem;
  color: #585858;
  outline: none;
  cursor: pointer;
  display: -webkit-box;
  display: -webkit-flex;
  display: -ms-flexbox;
  display: flex;
  -webkit-box-pack: center;
  -webkit-justify-content: center;
  -ms-flex-pack: center;
  justify-content: center;
  -webkit-transition: background-color 0.2s ease-out;
  transition: background-color 0.2s ease-out;
  background-color: #E5EAED;
}

.c1 {
  text-transform: uppercase;
}

.c2 {
  display: none;
}

.c3 {
  font-size: 1.1rem;
  line-height: 18px;
  margin-left: 10px;
  display: block;
}

@media only screen and (min-width:400px) {
  .c0 {
    width: 180px;
  }
}

@media only screen and (min-width:480px) {
  .c0 {
    width: 200px;
    margin: 0 10px 15px;
  }
}

@media only screen and (min-width:680px) {
  .c0 {
    width: 250px;
  }
}

@media only screen and (min-width:768px) {
  .c0 {
    width: auto;
    margin: 0;
    padding: 15px;
    font-size: 1rem;
  }
}

@media only screen and (min-width:992px) {
  .c0 {
    padding: 20px;
  }
}

@media only screen and (min-width:1200px) {
  .c0:hover {
    background-color: #FDF3E5;
  }
}

@media only screen and (min-width:920px) {
  .c2 {
    display: block;
  }
}

@media only screen and (min-width:920px) {
  .c3 {
    display: none;
  }
}

<div
  class="grid-x grid-margin-x"
  data-testid="filter"
>
  <button
    class="c0 cell small-6 medium-3 large-3"
  >
    <span
      class="c1"
    >
      cost
    </span>
    <span
      class="c2"
    >
       - high to low
    </span>
    <i
      class="c3 material-icons"
    >
      keyboard_arrow_up
    </i>
  </button>
  <button
    class="c0 cell small-6 medium-3 large-3"
  >
    <span
      class="c1"
    >
      cost
    </span>
    <span
      class="c2"
    >
       - low to high
    </span>
    <i
      class="c3 material-icons"
    >
      keyboard_arrow_down
    </i>
  </button>
  <button
    class="c0 cell small-6 medium-3 large-3"
  >
    <span
      class="c1"
    >
      rank
    </span>
    <span
      class="c2"
    >
       - high to low
    </span>
    <i
      class="c3 material-icons"
    >
      keyboard_arrow_up
    </i>
  </button>
  <button
    class="c0 cell small-6 medium-3 large-3"
  >
    <span
      class="c1"
    >
      rank
    </span>
    <span
      class="c2"
    >
       - low to high
    </span>
    <i
      class="c3 material-icons"
    >
      keyboard_arrow_down
    </i>
  </button>
</div>
`;
