// Jest Snapshot v1, https://goo.gl/fbAQLP

exports[`Component: Breadcrumbs should render 1`] = `
.c2 {
  font-size: 1rem;
  display: -webkit-box;
  display: -webkit-flex;
  display: -ms-flexbox;
  display: flex;
  -webkit-align-items: center;
  -webkit-box-align: center;
  -ms-flex-align: center;
  align-items: center;
  font-weight: 600;
  cursor: pointer;
  color: #FBA52B;
}

.c2 i {
  font-size: 0.8em;
  margin-right: 4px;
}

.c6 {
  font-size: 1rem;
  display: -webkit-box;
  display: -webkit-flex;
  display: -ms-flexbox;
  display: flex;
  -webkit-align-items: center;
  -webkit-box-align: center;
  -ms-flex-align: center;
  align-items: center;
  font-weight: 600;
  cursor: pointer;
  color: #FBA52B;
  pointer-events: none;
  color: #A7A7A7;
  font-weight: 400;
}

.c6 i {
  font-size: 0.8em;
  margin-right: 4px;
}

.c0 {
  display: -webkit-box;
  display: -webkit-flex;
  display: -ms-flexbox;
  display: flex;
  -webkit-flex-direction: column;
  -ms-flex-direction: column;
  flex-direction: column;
}

.c1 {
  display: -webkit-box;
  display: -webkit-flex;
  display: -ms-flexbox;
  display: flex;
  -webkit-align-items: center;
  -webkit-box-align: center;
  -ms-flex-align: center;
  align-items: center;
  margin-right: 5px;
}

.c5 {
  display: -webkit-box;
  display: -webkit-flex;
  display: -ms-flexbox;
  display: flex;
  -webkit-align-items: center;
  -webkit-box-align: center;
  -ms-flex-align: center;
  align-items: center;
}

.c3 {
  white-space: nowrap;
  margin: 0 5px 3px 0;
}

.c4 {
  color: #A7A7A7;
  font-weight: 600;
  margin-bottom: 3px;
}

@media only screen and (min-width:540px) {
  .c2 {
    -webkit-transition: color 0.2s ease-out;
    transition: color 0.2s ease-out;
  }

  .c2:hover {
    color: #EC7E00;
  }
}

@media only screen and (min-width:540px) {
  .c6 {
    -webkit-transition: color 0.2s ease-out;
    transition: color 0.2s ease-out;
  }

  .c6:hover {
    color: #EC7E00;
  }
}

@media only screen and (min-width:600px) {
  .c0 {
    -webkit-flex-direction: row;
    -ms-flex-direction: row;
    flex-direction: row;
  }
}

@media only screen and (max-width:330px) {
  .c3 {
    font-size: 0.85rem;
  }
}

@media only screen and (min-width:600px) {
  .c3 {
    margin: 0 5px 0;
  }
}

@media only screen and (max-width:330px) {
  .c4 {
    font-size: 0.85rem;
  }
}

@media only screen and (min-width:600px) {
  .c4 {
    margin-bottom: 0;
  }
}

<div
  class="c0"
  data-testid="breadcrumbs"
>
  <div
    class="c1"
  >
    <a
      class="c2 c3"
    >
      First step
    </a>
    <span
      class="c4"
    >
      &gt;
    </span>
  </div>
  <div
    class="c1"
  >
    <a
      class="c2 c3"
    >
      Second step
    </a>
    <span
      class="c4"
    >
      &gt;
    </span>
  </div>
  <div
    class="c5"
  >
    <a
      class="c6 c3"
      disabled=""
    >
      Third step
    </a>
  </div>
</div>
`;
