// Jest Snapshot v1, https://goo.gl/fbAQLP

exports[`Component: Filter should render correctly 1`] = `
.c0 {
  padding: 15px 8px;
  font-size: 0.9rem;
  border: 1px solid #D8D8D8;
  border-radius: 4px;
  color: #FBA52B;
  outline: none;
  cursor: pointer;
  display: -webkit-box;
  display: -webkit-flex;
  display: -ms-flexbox;
  display: flex;
  -webkit-box-pack: center;
  -webkit-justify-content: center;
  -ms-flex-pack: center;
  justify-content: center;
  -webkit-align-items: center;
  -webkit-box-align: center;
  -ms-flex-align: center;
  align-items: center;
  -webkit-flex: 1;
  -ms-flex: 1;
  flex: 1;
  -webkit-transition: all 0.2s ease-out;
  transition: all 0.2s ease-out;
  background-color: #F3F3F3;
}

.c2 {
  text-transform: uppercase;
  font-weight: 500;
}

.c1 {
  font-size: 1.1rem;
  margin-right: 8px;
}

@media only screen and (min-width:768px) {
  .c0 {
    width: auto;
    margin: 0;
    padding: 15px;
    font-size: 1rem;
  }
}

@media only screen and (min-width:1200px) {
  .c0:hover {
    background-color: #FDF3E5;
    color: #EC7E00;
  }
}

<button
  class="c0"
>
  <i
    class="c1 material-icons"
  >
    monetization_on
  </i>
  <span
    class="c2"
  >
    high cost
  </span>
</button>
`;
