// Jest Snapshot v1, https://goo.gl/fbAQLP

exports[`Component: Footer should render 1`] = `
.c0 {
  background-color: #660000;
  padding: 25px 0;
  display: -webkit-box;
  display: -webkit-flex;
  display: -ms-flexbox;
  display: flex;
  -webkit-box-pack: center;
  -webkit-justify-content: center;
  -ms-flex-pack: center;
  justify-content: center;
}

.c1 {
  color: #D8D8D8;
  font-weight: 300;
  font-size: 0.9em;
}

.c1:not(:first-of-type) {
  margin-left: 5px;
}

.c1:not(:last-of-type):after {
  content: ' | ';
  margin-left: 3px;
}

.c1:last-of-type {
  margin-right: 1px;
}

.c2 {
  color: #D8D8D8;
  font-weight: 600;
  font-size: 0.9em;
  -webkit-text-decoration: none;
  text-decoration: none;
  -webkit-transition: color 0.2s ease-out;
  transition: color 0.2s ease-out;
}

.c2:hover {
  color: #FFFFFF;
}

@media only screen and (min-width:375px) {
  .c1:not(:first-of-type) {
    margin-left: 7px;
  }
}

@media only screen and (min-width:375px) {
  .c1:not(:last-of-type):after {
    margin-left: 5px;
  }
}

@media only screen and (min-width:375px) {
  .c1:last-of-type {
    margin-right: 3px;
  }
}

@media only screen and (min-width:375px) {
  .c1 {
    font-size: 1em;
  }
}

@media only screen and (min-width:375px) {
  .c2 {
    font-size: 1em;
  }
}

<footer
  class="c0"
>
  <p
    class="c1"
  >
    FOODUBLIN
  </p>
  <p
    class="c1"
  >
    COPYRIGHT Â©2020
  </p>
  <p
    class="c1"
  >
    BY
  </p>
  <a
    class="c2"
    href="https://jdmiguel.netlify.app/"
    target="_blank"
  >
    JDMIGUEL
  </a>
</footer>
`;
